// Bun Snapshot v1, https://bun.sh/docs/test/snapshots

exports[`weather-sequence snapshot (seed 12345, NYC, first 20 days) matches the documented golden sequence 1`] = `
[
  "overcast",
  "snow",
  "snow",
  "clear",
  "snow",
  "storm",
  "overcast",
  "snow",
  "snow",
  "rain",
  "rain",
  "rain",
  "snow",
  "snow",
  "snow",
  "storm",
  "storm",
  "snow",
  "snow",
  "snow",
]
`;
